********************************************************************************
Probe Values Report, written on Fri Nov 17 02:02:40 2023

Source
-------

   ODB: C:/temp/Job-1.odb
   Step: Step-1
   Frame: Increment      1: Step Time =    1.000
   Variable: U, All direct

Probe values reported at nodes

  Part Instance     Node ID                   Orig. Coords                                     Def. Coords                 
                                    X               Y               Z               X               Y               Z      
-------------------------------------------------------------------------------------------------------------------------
    PART-1-1           1              1.              1.              1.              1.      999.98E-03              1.
    PART-1-1           2              1.              0.              1.              1.    -15.6996E-06     999.995E-03
    PART-1-1           3              1.              0.              0.              1.    -220.451E-33    -531.585E-33
    PART-1-1           4              1.              1.              0.              1.              1.     531.585E-33
    PART-1-1           5              0.              0.              1.    -1.19159E-06    -13.8869E-06     999.997E-03
    PART-1-1           6              0.              0.              0.    -77.9446E-33    -236.498E-33    -468.415E-33
    PART-1-1           7              0.              1.              0.     65.3944E-33              1.     468.415E-33
    PART-1-1           8              0.              1.              1.      445.46E-09     999.981E-03         1.00001
    PART-1-1           9     492.907E-03     533.767E-03     547.177E-03     492.907E-03     533.759E-03     547.177E-03


  Part Instance     Node ID  Attached elements           U, U1           U, U2           U, U3
-----------------------------------------------------------------------------------------------
    PART-1-1           1               5     1.02738E-06    -20.2588E-06     3.00251E-06
    PART-1-1           1               6     1.02738E-06    -20.2588E-06     3.00251E-06
    PART-1-1           1               8     1.02738E-06    -20.2588E-06     3.00251E-06
    PART-1-1           1              10     1.02738E-06    -20.2588E-06     3.00251E-06
    PART-1-1           2               1    -434.358E-09    -15.6996E-06    -4.85199E-06
    PART-1-1           2               8    -434.358E-09    -15.6996E-06    -4.85199E-06
    PART-1-1           2               9    -434.358E-09    -15.6996E-06    -4.85199E-06
    PART-1-1           2              10    -434.358E-09    -15.6996E-06    -4.85199E-06
    PART-1-1           2              11    -434.358E-09    -15.6996E-06    -4.85199E-06
    PART-1-1           3               4     4.21606E-33    -220.451E-33    -531.585E-33
    PART-1-1           3               6     4.21606E-33    -220.451E-33    -531.585E-33
    PART-1-1           3               7     4.21606E-33    -220.451E-33    -531.585E-33
    PART-1-1           3               8     4.21606E-33    -220.451E-33    -531.585E-33
    PART-1-1           3              11     4.21606E-33    -220.451E-33    -531.585E-33
    PART-1-1           4               5     8.33413E-33     -205.82E-33     531.585E-33
    PART-1-1           4               6     8.33413E-33     -205.82E-33     531.585E-33
    PART-1-1           4               7     8.33413E-33     -205.82E-33     531.585E-33
    PART-1-1           4              12     8.33413E-33     -205.82E-33     531.585E-33
    PART-1-1           5               1    -1.19159E-06    -13.8869E-06    -2.90123E-06
    PART-1-1           5               2    -1.19159E-06    -13.8869E-06    -2.90123E-06
    PART-1-1           5               3    -1.19159E-06    -13.8869E-06    -2.90123E-06
    PART-1-1           5               9    -1.19159E-06    -13.8869E-06    -2.90123E-06
    PART-1-1           6               1    -77.9446E-33    -236.498E-33    -468.415E-33
    PART-1-1           6               2    -77.9446E-33    -236.498E-33    -468.415E-33
    PART-1-1           6               4    -77.9446E-33    -236.498E-33    -468.415E-33
    PART-1-1           6              11    -77.9446E-33    -236.498E-33    -468.415E-33
    PART-1-1           7               2     65.3944E-33     -337.23E-33     468.415E-33
    PART-1-1           7               3     65.3944E-33     -337.23E-33     468.415E-33
    PART-1-1           7               4     65.3944E-33     -337.23E-33     468.415E-33
    PART-1-1           7               7     65.3944E-33     -337.23E-33     468.415E-33
    PART-1-1           7              12     65.3944E-33     -337.23E-33     468.415E-33
    PART-1-1           8               3      445.46E-09    -18.9878E-06     6.81349E-06
    PART-1-1           8               5      445.46E-09    -18.9878E-06     6.81349E-06
    PART-1-1           8               9      445.46E-09    -18.9878E-06     6.81349E-06
    PART-1-1           8              10      445.46E-09    -18.9878E-06     6.81349E-06
    PART-1-1           8              12      445.46E-09    -18.9878E-06     6.81349E-06
    PART-1-1           9               1    -303.331E-09    -8.53913E-06     149.066E-09
    PART-1-1           9               2    -303.331E-09    -8.53913E-06     149.066E-09
    PART-1-1           9               3    -303.331E-09    -8.53913E-06     149.066E-09
    PART-1-1           9               4    -303.331E-09    -8.53913E-06     149.066E-09
    PART-1-1           9               5    -303.331E-09    -8.53913E-06     149.066E-09
    PART-1-1           9               6    -303.331E-09    -8.53913E-06     149.066E-09
    PART-1-1           9               7    -303.331E-09    -8.53913E-06     149.066E-09
    PART-1-1           9               8    -303.331E-09    -8.53913E-06     149.066E-09
    PART-1-1           9               9    -303.331E-09    -8.53913E-06     149.066E-09
    PART-1-1           9              10    -303.331E-09    -8.53913E-06     149.066E-09
    PART-1-1           9              11    -303.331E-09    -8.53913E-06     149.066E-09
    PART-1-1           9              12    -303.331E-09    -8.53913E-06     149.066E-09


********************************************************************************
Probe Values Report, written on Fri Nov 17 02:04:58 2023

Source
-------

   ODB: C:/temp/Job-1.odb
   Step: Step-1
   Frame: Increment      1: Step Time =    1.000
   Variable: S, All direct (Not averaged)

Loc 1 : Integration point values

Probe values reported at integration points

  Part Instance  Element ID        Type  Attached nodes
--------------------------------------------------------------------------------
    PART-1-1           1        C3D4           2           6           5           9
    PART-1-1           2        C3D4           9           6           5           7
    PART-1-1           3        C3D4           7           9           8           5
    PART-1-1           4        C3D4           6           7           9           3
    PART-1-1           5        C3D4           4           9           1           8
    PART-1-1           6        C3D4           3           4           9           1
    PART-1-1           7        C3D4           3           7           9           4
    PART-1-1           8        C3D4           3           9           2           1
    PART-1-1           9        C3D4           5           9           8           2
    PART-1-1          10        C3D4           9           2           1           8
    PART-1-1          11        C3D4           6           9           2           3
    PART-1-1          12        C3D4           7           9           4           8


  Part Instance  Element ID        Type        Int. Pt.          S, S11          S, S22          S, S33          S, S12          S, S13          S, S23
--------------------------------------------------------------------------------
    PART-1-1           1        C3D4               1    -148.107E+03    -284.665E+03     -739.09E+03    -150.128E+03    -253.806E+03    -713.362E+03
    PART-1-1           2        C3D4               1    -151.519E+03    -265.791E+03    -734.452E+03    -154.118E+03     188.313E+03    -1.12164E+06
    PART-1-1           3        C3D4               1     331.474E+03    -563.353E+03     1.36127E+06     45.7622E+03     191.682E+03    -748.975E+03
    PART-1-1           4        C3D4               1     33.0055E+03     33.0055E+03     77.0129E+03     12.8735E-21    -44.7749E+03    -1.26047E+06
    PART-1-1           5        C3D4               1     34.1582E+03    -718.662E+03     425.177E+03    -3.84442E+03    -224.829E+03    -1.04271E+06
    PART-1-1           6        C3D4               1     846.258E+03     570.548E+03     1.05557E+06    -405.526E+03     320.919E+03    -1.63629E+06
    PART-1-1           7        C3D4               1     33.0055E+03     33.0055E+03     77.0129E+03     10.9465E-21    -44.7749E+03    -1.26047E+06
    PART-1-1           8        C3D4               1    -668.634E+03    -1.67458E+06    -1.72188E+06    -277.724E+03     186.079E+03    -633.643E+03
    PART-1-1           9        C3D4               1    -89.9318E+03    -1.03624E+06     206.398E+03    -14.1868E+03    -93.5646E+03    -814.231E+03
    PART-1-1          10        C3D4               1    -87.1417E+03    -917.625E+03     219.806E+03     15.4039E+03    -244.647E+03    -961.902E+03
    PART-1-1          11        C3D4               1    -576.185E+03    -560.648E+03    -1.35997E+06    -9.93562E+03    -35.0827E+03    -843.752E+03
    PART-1-1          12        C3D4               1     344.607E+03    -296.558E+03     1.44525E+06     94.7744E+03     35.9795E+03    -913.586E+03


********************************************************************************
Probe Values Report, written on Fri Nov 17 02:05:12 2023

Source
-------

   ODB: C:/temp/Job-1.odb
   Step: Step-1
   Frame: Increment      1: Step Time =    1.000
   Variable: S, Mises (Not averaged)

Loc 1 : Integration point values

Probe values reported at integration points

  Part Instance  Element ID        Type  Attached nodes
--------------------------------------------------------------------------------
    PART-1-1           1        C3D4           2           6           5           9
    PART-1-1           2        C3D4           9           6           5           7
    PART-1-1           3        C3D4           7           9           8           5
    PART-1-1           4        C3D4           6           7           9           3
    PART-1-1           5        C3D4           4           9           1           8
    PART-1-1           6        C3D4           3           4           9           1
    PART-1-1           7        C3D4           3           7           9           4
    PART-1-1           8        C3D4           3           9           2           1
    PART-1-1           9        C3D4           5           9           8           2
    PART-1-1          10        C3D4           9           2           1           8
    PART-1-1          11        C3D4           6           9           2           3
    PART-1-1          12        C3D4           7           9           4           8


  Part Instance  Element ID        Type        Int. Pt.        S, Mises
--------------------------------------------------------------------------------
    PART-1-1           1        C3D4               1     1.44039E+06
    PART-1-1           2        C3D4               1     2.05866E+06
    PART-1-1           3        C3D4               1     2.14058E+06
    PART-1-1           4        C3D4               1     2.18501E+06
    PART-1-1           5        C3D4               1     2.10414E+06
    PART-1-1           6        C3D4               1     3.00202E+06
    PART-1-1           7        C3D4               1     2.18501E+06
    PART-1-1           8        C3D4               1     1.61293E+06
    PART-1-1           9        C3D4               1     1.81094E+06
    PART-1-1          10        C3D4               1     1.99872E+06
    PART-1-1          11        C3D4               1     1.66327E+06
    PART-1-1          12        C3D4               1     2.20521E+06


